192.168.0.100 - - [26/May/2024:15:57:07 +0700] "GET /get_config/wg0?search= HTTP/1.1" 302 305 "http://192.168.0.100:10086/configuration/wg0" "Mozilla/5.0 (X11; Ubuntu; Linux x86_64; rv:123.0) Gecko/20100101 Firefox/123.0"
192.168.0.100 - - [26/May/2024:15:57:07 +0700] "GET /signin?redirect=192.168.0.100:10086/get_config/wg0?search= HTTP/1.1" 200 6615 "http://192.168.0.100:10086/configuration/wg0" "Mozilla/5.0 (X11; Ubuntu; Linux x86_64; rv:123.0) Gecko/20100101 Firefox/123.0"
192.168.0.100 - - [26/May/2024:15:57:39 +0700] "GET /configuration/wg0 HTTP/1.1" 302 295 "http://192.168.0.100:10086/signin?redirect=192.168.0.100:10086/configuration/wg0" "Mozilla/5.0 (X11; Ubuntu; Linux x86_64; rv:123.0) Gecko/20100101 Firefox/123.0"
192.168.0.100 - - [26/May/2024:15:57:39 +0700] "GET /signin?redirect=192.168.0.100:10086/configuration/wg0 HTTP/1.1" 200 6615 "http://192.168.0.100:10086/signin?redirect=192.168.0.100:10086/configuration/wg0" "Mozilla/5.0 (X11; Ubuntu; Linux x86_64; rv:123.0) Gecko/20100101 Firefox/123.0"
192.168.0.100 - - [26/May/2024:15:57:39 +0700] "GET /static/js/tools.js HTTP/1.1" 304 0 "http://192.168.0.100:10086/signin?redirect=192.168.0.100:10086/configuration/wg0" "Mozilla/5.0 (X11; Ubuntu; Linux x86_64; rv:123.0) Gecko/20100101 Firefox/123.0"
192.168.0.100 - - [26/May/2024:15:57:39 +0700] "GET /static/js/pwa.js HTTP/1.1" 304 0 "http://192.168.0.100:10086/signin?redirect=192.168.0.100:10086/configuration/wg0" "Mozilla/5.0 (X11; Ubuntu; Linux x86_64; rv:123.0) Gecko/20100101 Firefox/123.0"
192.168.0.100 - - [26/May/2024:15:57:39 +0700] "GET /static/img/192x192ios.png HTTP/1.1" 304 0 "http://192.168.0.100:10086/signin?redirect=192.168.0.100:10086/configuration/wg0" "Mozilla/5.0 (X11; Ubuntu; Linux x86_64; rv:123.0) Gecko/20100101 Firefox/123.0"
192.168.0.100 - - [26/May/2024:15:57:39 +0700] "GET /static/img/logo.png HTTP/1.1" 304 0 "http://192.168.0.100:10086/signin?redirect=192.168.0.100:10086/configuration/wg0" "Mozilla/5.0 (X11; Ubuntu; Linux x86_64; rv:123.0) Gecko/20100101 Firefox/123.0"
192.168.0.100 - - [26/May/2024:15:57:41 +0700] "POST /auth HTTP/1.1" 200 25 "http://192.168.0.100:10086/signin?redirect=192.168.0.100:10086/configuration/wg0" "Mozilla/5.0 (X11; Ubuntu; Linux x86_64; rv:123.0) Gecko/20100101 Firefox/123.0"
192.168.0.100 - - [26/May/2024:15:57:41 +0700] "GET /configuration/wg0 HTTP/1.1" 200 50352 "http://192.168.0.100:10086/signin?redirect=192.168.0.100:10086/configuration/wg0" "Mozilla/5.0 (X11; Ubuntu; Linux x86_64; rv:123.0) Gecko/20100101 Firefox/123.0"
192.168.0.100 - - [26/May/2024:15:57:41 +0700] "GET /static/js/pwa.js HTTP/1.1" 304 0 "http://192.168.0.100:10086/configuration/wg0" "Mozilla/5.0 (X11; Ubuntu; Linux x86_64; rv:123.0) Gecko/20100101 Firefox/123.0"
192.168.0.100 - - [26/May/2024:15:57:41 +0700] "GET /static/js/tools.js HTTP/1.1" 304 0 "http://192.168.0.100:10086/configuration/wg0" "Mozilla/5.0 (X11; Ubuntu; Linux x86_64; rv:123.0) Gecko/20100101 Firefox/123.0"
192.168.0.100 - - [26/May/2024:15:57:41 +0700] "GET /static/js/configuration.js HTTP/1.1" 304 0 "http://192.168.0.100:10086/configuration/wg0" "Mozilla/5.0 (X11; Ubuntu; Linux x86_64; rv:123.0) Gecko/20100101 Firefox/123.0"
192.168.0.100 - - [26/May/2024:15:57:41 +0700] "GET /static/js/configurationTool.js HTTP/1.1" 304 0 "http://192.168.0.100:10086/configuration/wg0" "Mozilla/5.0 (X11; Ubuntu; Linux x86_64; rv:123.0) Gecko/20100101 Firefox/123.0"
192.168.0.100 - - [26/May/2024:15:57:41 +0700] "GET /static/js/wireguard.js HTTP/1.1" 304 0 "http://192.168.0.100:10086/configuration/wg0" "Mozilla/5.0 (X11; Ubuntu; Linux x86_64; rv:123.0) Gecko/20100101 Firefox/123.0"
192.168.0.100 - - [26/May/2024:15:57:41 +0700] "GET /get_config/wg0?search= HTTP/1.1" 200 883 "http://192.168.0.100:10086/configuration/wg0" "Mozilla/5.0 (X11; Ubuntu; Linux x86_64; rv:123.0) Gecko/20100101 Firefox/123.0"
192.168.0.100 - - [26/May/2024:15:57:41 +0700] "GET /static/img/192x192ios.png HTTP/1.1" 304 0 "http://192.168.0.100:10086/configuration/wg0" "Mozilla/5.0 (X11; Ubuntu; Linux x86_64; rv:123.0) Gecko/20100101 Firefox/123.0"
192.168.0.100 - - [26/May/2024:15:57:41 +0700] "GET /static/img/logo.png HTTP/1.1" 304 0 "http://192.168.0.100:10086/configuration/wg0" "Mozilla/5.0 (X11; Ubuntu; Linux x86_64; rv:123.0) Gecko/20100101 Firefox/123.0"
192.168.0.100 - - [26/May/2024:15:57:51 +0700] "GET /get_config/wg0?search= HTTP/1.1" 200 883 "http://192.168.0.100:10086/configuration/wg0" "Mozilla/5.0 (X11; Ubuntu; Linux x86_64; rv:123.0) Gecko/20100101 Firefox/123.0"
192.168.0.100 - - [26/May/2024:15:58:01 +0700] "GET /get_config/wg0?search= HTTP/1.1" 200 883 "http://192.168.0.100:10086/configuration/wg0" "Mozilla/5.0 (X11; Ubuntu; Linux x86_64; rv:123.0) Gecko/20100101 Firefox/123.0"
192.168.0.100 - - [26/May/2024:15:58:11 +0700] "GET /get_config/wg0?search= HTTP/1.1" 200 883 "http://192.168.0.100:10086/configuration/wg0" "Mozilla/5.0 (X11; Ubuntu; Linux x86_64; rv:123.0) Gecko/20100101 Firefox/123.0"
192.168.0.100 - - [26/May/2024:15:58:21 +0700] "GET /get_config/wg0?search= HTTP/1.1" 200 883 "http://192.168.0.100:10086/configuration/wg0" "Mozilla/5.0 (X11; Ubuntu; Linux x86_64; rv:123.0) Gecko/20100101 Firefox/123.0"
192.168.0.100 - - [26/May/2024:15:58:31 +0700] "GET /get_config/wg0?search= HTTP/1.1" 200 883 "http://192.168.0.100:10086/configuration/wg0" "Mozilla/5.0 (X11; Ubuntu; Linux x86_64; rv:123.0) Gecko/20100101 Firefox/123.0"
192.168.0.100 - - [26/May/2024:15:58:41 +0700] "GET /get_config/wg0?search= HTTP/1.1" 200 883 "http://192.168.0.100:10086/configuration/wg0" "Mozilla/5.0 (X11; Ubuntu; Linux x86_64; rv:123.0) Gecko/20100101 Firefox/123.0"
192.168.0.100 - - [26/May/2024:15:58:51 +0700] "GET /get_config/wg0?search= HTTP/1.1" 200 883 "http://192.168.0.100:10086/configuration/wg0" "Mozilla/5.0 (X11; Ubuntu; Linux x86_64; rv:123.0) Gecko/20100101 Firefox/123.0"
192.168.0.100 - - [26/May/2024:15:59:01 +0700] "GET /get_config/wg0?search= HTTP/1.1" 200 883 "http://192.168.0.100:10086/configuration/wg0" "Mozilla/5.0 (X11; Ubuntu; Linux x86_64; rv:123.0) Gecko/20100101 Firefox/123.0"
192.168.0.100 - - [26/May/2024:15:59:11 +0700] "GET /get_config/wg0?search= HTTP/1.1" 200 884 "http://192.168.0.100:10086/configuration/wg0" "Mozilla/5.0 (X11; Ubuntu; Linux x86_64; rv:123.0) Gecko/20100101 Firefox/123.0"
192.168.0.100 - - [26/May/2024:15:59:21 +0700] "GET /get_config/wg0?search= HTTP/1.1" 200 884 "http://192.168.0.100:10086/configuration/wg0" "Mozilla/5.0 (X11; Ubuntu; Linux x86_64; rv:123.0) Gecko/20100101 Firefox/123.0"
192.168.0.100 - - [26/May/2024:15:59:31 +0700] "GET /get_config/wg0?search= HTTP/1.1" 200 884 "http://192.168.0.100:10086/configuration/wg0" "Mozilla/5.0 (X11; Ubuntu; Linux x86_64; rv:123.0) Gecko/20100101 Firefox/123.0"
192.168.0.100 - - [26/May/2024:15:59:41 +0700] "GET /get_config/wg0?search= HTTP/1.1" 200 884 "http://192.168.0.100:10086/configuration/wg0" "Mozilla/5.0 (X11; Ubuntu; Linux x86_64; rv:123.0) Gecko/20100101 Firefox/123.0"
192.168.0.107 - - [26/May/2024:15:59:46 +0700] "GET / HTTP/1.1" 302 261 "-" "Mozilla/5.0 (Windows NT 10.0; Win64; x64) AppleWebKit/537.36 (KHTML, like Gecko) Chrome/122.0.0.0 YaBrowser/24.4.0.0 Safari/537.36"
192.168.0.107 - - [26/May/2024:15:59:46 +0700] "GET /signin?redirect=192.168.0.100:10086/ HTTP/1.1" 200 6484 "-" "Mozilla/5.0 (Windows NT 10.0; Win64; x64) AppleWebKit/537.36 (KHTML, like Gecko) Chrome/122.0.0.0 YaBrowser/24.4.0.0 Safari/537.36"
192.168.0.107 - - [26/May/2024:15:59:46 +0700] "GET /static/js/pwa.js HTTP/1.1" 200 0 "http://192.168.0.100:10086/signin?redirect=192.168.0.100:10086/" "Mozilla/5.0 (Windows NT 10.0; Win64; x64) AppleWebKit/537.36 (KHTML, like Gecko) Chrome/122.0.0.0 YaBrowser/24.4.0.0 Safari/537.36"
192.168.0.107 - - [26/May/2024:15:59:46 +0700] "GET /static/css/dashboard.css HTTP/1.1" 200 0 "http://192.168.0.100:10086/signin?redirect=192.168.0.100:10086/" "Mozilla/5.0 (Windows NT 10.0; Win64; x64) AppleWebKit/537.36 (KHTML, like Gecko) Chrome/122.0.0.0 YaBrowser/24.4.0.0 Safari/537.36"
192.168.0.107 - - [26/May/2024:15:59:46 +0700] "GET /static/js/tools.js HTTP/1.1" 200 0 "http://192.168.0.100:10086/signin?redirect=192.168.0.100:10086/" "Mozilla/5.0 (Windows NT 10.0; Win64; x64) AppleWebKit/537.36 (KHTML, like Gecko) Chrome/122.0.0.0 YaBrowser/24.4.0.0 Safari/537.36"
192.168.0.107 - - [26/May/2024:15:59:46 +0700] "GET /static/json/manifest.json HTTP/1.1" 200 0 "-" "Mozilla/5.0 (Windows NT 10.0; Win64; x64) AppleWebKit/537.36 (KHTML, like Gecko) Chrome/122.0.0.0 YaBrowser/24.4.0.0 Safari/537.36"
192.168.0.107 - - [26/May/2024:15:59:51 +0700] "GET /static/img/logo.png HTTP/1.1" 200 0 "http://192.168.0.100:10086/signin?redirect=192.168.0.100:10086/" "Mozilla/5.0 (Windows NT 10.0; Win64; x64) AppleWebKit/537.36 (KHTML, like Gecko) Chrome/122.0.0.0 YaBrowser/24.4.0.0 Safari/537.36"
192.168.0.100 - - [26/May/2024:15:59:51 +0700] "GET /get_config/wg0?search= HTTP/1.1" 200 884 "http://192.168.0.100:10086/configuration/wg0" "Mozilla/5.0 (X11; Ubuntu; Linux x86_64; rv:123.0) Gecko/20100101 Firefox/123.0"
192.168.0.107 - - [26/May/2024:15:59:51 +0700] "GET /static/img/logo.png HTTP/1.1" 304 0 "http://192.168.0.100:10086/signin?redirect=192.168.0.100:10086/" "Mozilla/5.0 (Windows NT 10.0; Win64; x64) AppleWebKit/537.36 (KHTML, like Gecko) Chrome/122.0.0.0 YaBrowser/24.4.0.0 Safari/537.36"
192.168.0.107 - - [26/May/2024:15:59:57 +0700] "POST /auth HTTP/1.1" 200 60 "http://192.168.0.100:10086/signin?redirect=192.168.0.100:10086/" "Mozilla/5.0 (Windows NT 10.0; Win64; x64) AppleWebKit/537.36 (KHTML, like Gecko) Chrome/122.0.0.0 YaBrowser/24.4.0.0 Safari/537.36"
192.168.0.100 - - [26/May/2024:16:00:01 +0700] "GET /get_config/wg0?search= HTTP/1.1" 200 884 "http://192.168.0.100:10086/configuration/wg0" "Mozilla/5.0 (X11; Ubuntu; Linux x86_64; rv:123.0) Gecko/20100101 Firefox/123.0"
192.168.0.107 - - [26/May/2024:16:00:01 +0700] "POST /auth HTTP/1.1" 200 25 "http://192.168.0.100:10086/signin?redirect=192.168.0.100:10086/" "Mozilla/5.0 (Windows NT 10.0; Win64; x64) AppleWebKit/537.36 (KHTML, like Gecko) Chrome/122.0.0.0 YaBrowser/24.4.0.0 Safari/537.36"
192.168.0.107 - - [26/May/2024:16:00:01 +0700] "GET / HTTP/1.1" 200 22633 "http://192.168.0.100:10086/signin?redirect=192.168.0.100:10086/" "Mozilla/5.0 (Windows NT 10.0; Win64; x64) AppleWebKit/537.36 (KHTML, like Gecko) Chrome/122.0.0.0 YaBrowser/24.4.0.0 Safari/537.36"
192.168.0.107 - - [26/May/2024:16:00:02 +0700] "GET /static/json/manifest.json HTTP/1.1" 200 0 "-" "Mozilla/5.0 (Windows NT 10.0; Win64; x64) AppleWebKit/537.36 (KHTML, like Gecko) Chrome/122.0.0.0 YaBrowser/24.4.0.0 Safari/537.36"
192.168.0.107 - - [26/May/2024:16:00:02 +0700] "GET /static/js/wireguard.js HTTP/1.1" 200 0 "http://192.168.0.100:10086/" "Mozilla/5.0 (Windows NT 10.0; Win64; x64) AppleWebKit/537.36 (KHTML, like Gecko) Chrome/122.0.0.0 YaBrowser/24.4.0.0 Safari/537.36"
192.168.0.107 - - [26/May/2024:16:00:02 +0700] "GET /static/css/dashboard.css HTTP/1.1" 304 0 "http://192.168.0.100:10086/" "Mozilla/5.0 (Windows NT 10.0; Win64; x64) AppleWebKit/537.36 (KHTML, like Gecko) Chrome/122.0.0.0 YaBrowser/24.4.0.0 Safari/537.36"
192.168.0.107 - - [26/May/2024:16:00:02 +0700] "GET /static/js/index.js HTTP/1.1" 200 0 "http://192.168.0.100:10086/" "Mozilla/5.0 (Windows NT 10.0; Win64; x64) AppleWebKit/537.36 (KHTML, like Gecko) Chrome/122.0.0.0 YaBrowser/24.4.0.0 Safari/537.36"
192.168.0.107 - - [26/May/2024:16:00:02 +0700] "GET /static/img/logo.png HTTP/1.1" 304 0 "http://192.168.0.100:10086/" "Mozilla/5.0 (Windows NT 10.0; Win64; x64) AppleWebKit/537.36 (KHTML, like Gecko) Chrome/122.0.0.0 YaBrowser/24.4.0.0 Safari/537.36"
192.168.0.107 - - [26/May/2024:16:00:05 +0700] "GET /configuration/wg0 HTTP/1.1" 200 50352 "http://192.168.0.100:10086/" "Mozilla/5.0 (Windows NT 10.0; Win64; x64) AppleWebKit/537.36 (KHTML, like Gecko) Chrome/122.0.0.0 YaBrowser/24.4.0.0 Safari/537.36"
192.168.0.107 - - [26/May/2024:16:00:05 +0700] "GET /static/json/manifest.json HTTP/1.1" 200 0 "-" "Mozilla/5.0 (Windows NT 10.0; Win64; x64) AppleWebKit/537.36 (KHTML, like Gecko) Chrome/122.0.0.0 YaBrowser/24.4.0.0 Safari/537.36"
192.168.0.107 - - [26/May/2024:16:00:05 +0700] "GET /static/js/configurationTool.js HTTP/1.1" 200 0 "http://192.168.0.100:10086/configuration/wg0" "Mozilla/5.0 (Windows NT 10.0; Win64; x64) AppleWebKit/537.36 (KHTML, like Gecko) Chrome/122.0.0.0 YaBrowser/24.4.0.0 Safari/537.36"
192.168.0.107 - - [26/May/2024:16:00:05 +0700] "GET /static/js/configuration.js HTTP/1.1" 200 0 "http://192.168.0.100:10086/configuration/wg0" "Mozilla/5.0 (Windows NT 10.0; Win64; x64) AppleWebKit/537.36 (KHTML, like Gecko) Chrome/122.0.0.0 YaBrowser/24.4.0.0 Safari/537.36"
192.168.0.107 - - [26/May/2024:16:00:05 +0700] "GET /static/img/logo.png HTTP/1.1" 304 0 "http://192.168.0.100:10086/configuration/wg0" "Mozilla/5.0 (Windows NT 10.0; Win64; x64) AppleWebKit/537.36 (KHTML, like Gecko) Chrome/122.0.0.0 YaBrowser/24.4.0.0 Safari/537.36"
192.168.0.107 - - [26/May/2024:16:00:05 +0700] "GET /get_config/wg0?search= HTTP/1.1" 200 884 "http://192.168.0.100:10086/configuration/wg0" "Mozilla/5.0 (Windows NT 10.0; Win64; x64) AppleWebKit/537.36 (KHTML, like Gecko) Chrome/122.0.0.0 YaBrowser/24.4.0.0 Safari/537.36"
192.168.0.107 - - [26/May/2024:16:00:10 +0700] "POST /api/getPeerDataUsage HTTP/1.1" 200 332 "http://192.168.0.100:10086/configuration/wg0" "Mozilla/5.0 (Windows NT 10.0; Win64; x64) AppleWebKit/537.36 (KHTML, like Gecko) Chrome/122.0.0.0 YaBrowser/24.4.0.0 Safari/537.36"
192.168.0.100 - - [26/May/2024:16:00:11 +0700] "GET /get_config/wg0?search= HTTP/1.1" 200 884 "http://192.168.0.100:10086/configuration/wg0" "Mozilla/5.0 (X11; Ubuntu; Linux x86_64; rv:123.0) Gecko/20100101 Firefox/123.0"
192.168.0.107 - - [26/May/2024:16:00:14 +0700] "POST /api/getPeerDataUsage HTTP/1.1" 200 4595 "http://192.168.0.100:10086/configuration/wg0" "Mozilla/5.0 (Windows NT 10.0; Win64; x64) AppleWebKit/537.36 (KHTML, like Gecko) Chrome/122.0.0.0 YaBrowser/24.4.0.0 Safari/537.36"
192.168.0.107 - - [26/May/2024:16:00:15 +0700] "GET /get_config/wg0?search= HTTP/1.1" 200 884 "http://192.168.0.100:10086/configuration/wg0" "Mozilla/5.0 (Windows NT 10.0; Win64; x64) AppleWebKit/537.36 (KHTML, like Gecko) Chrome/122.0.0.0 YaBrowser/24.4.0.0 Safari/537.36"
192.168.0.107 - - [26/May/2024:16:00:16 +0700] "POST /api/getPeerDataUsage HTTP/1.1" 200 14659 "http://192.168.0.100:10086/configuration/wg0" "Mozilla/5.0 (Windows NT 10.0; Win64; x64) AppleWebKit/537.36 (KHTML, like Gecko) Chrome/122.0.0.0 YaBrowser/24.4.0.0 Safari/537.36"
192.168.0.107 - - [26/May/2024:16:00:17 +0700] "POST /api/getPeerDataUsage HTTP/1.1" 200 14659 "http://192.168.0.100:10086/configuration/wg0" "Mozilla/5.0 (Windows NT 10.0; Win64; x64) AppleWebKit/537.36 (KHTML, like Gecko) Chrome/122.0.0.0 YaBrowser/24.4.0.0 Safari/537.36"
192.168.0.107 - - [26/May/2024:16:00:18 +0700] "POST /api/getPeerDataUsage HTTP/1.1" 200 14659 "http://192.168.0.100:10086/configuration/wg0" "Mozilla/5.0 (Windows NT 10.0; Win64; x64) AppleWebKit/537.36 (KHTML, like Gecko) Chrome/122.0.0.0 YaBrowser/24.4.0.0 Safari/537.36"
192.168.0.107 - - [26/May/2024:16:00:18 +0700] "POST /api/getPeerDataUsage HTTP/1.1" 200 4595 "http://192.168.0.100:10086/configuration/wg0" "Mozilla/5.0 (Windows NT 10.0; Win64; x64) AppleWebKit/537.36 (KHTML, like Gecko) Chrome/122.0.0.0 YaBrowser/24.4.0.0 Safari/537.36"
192.168.0.107 - - [26/May/2024:16:00:19 +0700] "POST /api/getPeerDataUsage HTTP/1.1" 200 332 "http://192.168.0.100:10086/configuration/wg0" "Mozilla/5.0 (Windows NT 10.0; Win64; x64) AppleWebKit/537.36 (KHTML, like Gecko) Chrome/122.0.0.0 YaBrowser/24.4.0.0 Safari/537.36"
192.168.0.100 - - [26/May/2024:16:00:21 +0700] "GET /get_config/wg0?search= HTTP/1.1" 200 884 "http://192.168.0.100:10086/configuration/wg0" "Mozilla/5.0 (X11; Ubuntu; Linux x86_64; rv:123.0) Gecko/20100101 Firefox/123.0"
192.168.0.107 - - [26/May/2024:16:00:25 +0700] "GET /get_config/wg0?search= HTTP/1.1" 200 884 "http://192.168.0.100:10086/configuration/wg0" "Mozilla/5.0 (Windows NT 10.0; Win64; x64) AppleWebKit/537.36 (KHTML, like Gecko) Chrome/122.0.0.0 YaBrowser/24.4.0.0 Safari/537.36"
192.168.0.107 - - [26/May/2024:16:00:31 +0700] "GET /configuration/wg0 HTTP/1.1" 200 50352 "http://192.168.0.100:10086/" "Mozilla/5.0 (Windows NT 10.0; Win64; x64) AppleWebKit/537.36 (KHTML, like Gecko) Chrome/122.0.0.0 YaBrowser/24.4.0.0 Safari/537.36"
192.168.0.107 - - [26/May/2024:16:00:31 +0700] "GET /static/json/manifest.json HTTP/1.1" 200 0 "-" "Mozilla/5.0 (Windows NT 10.0; Win64; x64) AppleWebKit/537.36 (KHTML, like Gecko) Chrome/122.0.0.0 YaBrowser/24.4.0.0 Safari/537.36"
192.168.0.107 - - [26/May/2024:16:00:31 +0700] "GET /static/img/logo.png HTTP/1.1" 304 0 "http://192.168.0.100:10086/configuration/wg0" "Mozilla/5.0 (Windows NT 10.0; Win64; x64) AppleWebKit/537.36 (KHTML, like Gecko) Chrome/122.0.0.0 YaBrowser/24.4.0.0 Safari/537.36"
192.168.0.100 - - [26/May/2024:16:00:31 +0700] "GET /get_config/wg0?search= HTTP/1.1" 200 884 "http://192.168.0.100:10086/configuration/wg0" "Mozilla/5.0 (X11; Ubuntu; Linux x86_64; rv:123.0) Gecko/20100101 Firefox/123.0"
192.168.0.107 - - [26/May/2024:16:00:31 +0700] "GET /get_config/wg0?search= HTTP/1.1" 200 884 "http://192.168.0.100:10086/configuration/wg0" "Mozilla/5.0 (Windows NT 10.0; Win64; x64) AppleWebKit/537.36 (KHTML, like Gecko) Chrome/122.0.0.0 YaBrowser/24.4.0.0 Safari/537.36"
192.168.0.100 - - [26/May/2024:16:00:41 +0700] "GET /get_config/wg0?search= HTTP/1.1" 200 884 "http://192.168.0.100:10086/configuration/wg0" "Mozilla/5.0 (X11; Ubuntu; Linux x86_64; rv:123.0) Gecko/20100101 Firefox/123.0"
192.168.0.107 - - [26/May/2024:16:00:41 +0700] "GET /get_config/wg0?search= HTTP/1.1" 200 884 "http://192.168.0.100:10086/configuration/wg0" "Mozilla/5.0 (Windows NT 10.0; Win64; x64) AppleWebKit/537.36 (KHTML, like Gecko) Chrome/122.0.0.0 YaBrowser/24.4.0.0 Safari/537.36"
192.168.0.107 - - [26/May/2024:16:00:51 +0700] "GET /configuration/wg0 HTTP/1.1" 200 50352 "http://192.168.0.100:10086/" "Mozilla/5.0 (Windows NT 10.0; Win64; x64) AppleWebKit/537.36 (KHTML, like Gecko) Chrome/122.0.0.0 YaBrowser/24.4.0.0 Safari/537.36"
192.168.0.107 - - [26/May/2024:16:00:51 +0700] "GET /static/js/tools.js HTTP/1.1" 304 0 "http://192.168.0.100:10086/configuration/wg0" "Mozilla/5.0 (Windows NT 10.0; Win64; x64) AppleWebKit/537.36 (KHTML, like Gecko) Chrome/122.0.0.0 YaBrowser/24.4.0.0 Safari/537.36"
192.168.0.107 - - [26/May/2024:16:00:51 +0700] "GET /static/js/pwa.js HTTP/1.1" 304 0 "http://192.168.0.100:10086/configuration/wg0" "Mozilla/5.0 (Windows NT 10.0; Win64; x64) AppleWebKit/537.36 (KHTML, like Gecko) Chrome/122.0.0.0 YaBrowser/24.4.0.0 Safari/537.36"
192.168.0.107 - - [26/May/2024:16:00:51 +0700] "GET /static/css/dashboard.css HTTP/1.1" 304 0 "http://192.168.0.100:10086/configuration/wg0" "Mozilla/5.0 (Windows NT 10.0; Win64; x64) AppleWebKit/537.36 (KHTML, like Gecko) Chrome/122.0.0.0 YaBrowser/24.4.0.0 Safari/537.36"
192.168.0.107 - - [26/May/2024:16:00:51 +0700] "GET /static/js/configuration.js HTTP/1.1" 304 0 "http://192.168.0.100:10086/configuration/wg0" "Mozilla/5.0 (Windows NT 10.0; Win64; x64) AppleWebKit/537.36 (KHTML, like Gecko) Chrome/122.0.0.0 YaBrowser/24.4.0.0 Safari/537.36"
192.168.0.107 - - [26/May/2024:16:00:51 +0700] "GET /static/js/wireguard.js HTTP/1.1" 304 0 "http://192.168.0.100:10086/configuration/wg0" "Mozilla/5.0 (Windows NT 10.0; Win64; x64) AppleWebKit/537.36 (KHTML, like Gecko) Chrome/122.0.0.0 YaBrowser/24.4.0.0 Safari/537.36"
192.168.0.107 - - [26/May/2024:16:00:51 +0700] "GET /static/js/configurationTool.js HTTP/1.1" 304 0 "http://192.168.0.100:10086/configuration/wg0" "Mozilla/5.0 (Windows NT 10.0; Win64; x64) AppleWebKit/537.36 (KHTML, like Gecko) Chrome/122.0.0.0 YaBrowser/24.4.0.0 Safari/537.36"
192.168.0.107 - - [26/May/2024:16:00:51 +0700] "GET /static/json/manifest.json HTTP/1.1" 200 0 "-" "Mozilla/5.0 (Windows NT 10.0; Win64; x64) AppleWebKit/537.36 (KHTML, like Gecko) Chrome/122.0.0.0 YaBrowser/24.4.0.0 Safari/537.36"
192.168.0.107 - - [26/May/2024:16:00:51 +0700] "GET /get_config/wg0?search= HTTP/1.1" 200 884 "http://192.168.0.100:10086/configuration/wg0" "Mozilla/5.0 (Windows NT 10.0; Win64; x64) AppleWebKit/537.36 (KHTML, like Gecko) Chrome/122.0.0.0 YaBrowser/24.4.0.0 Safari/537.36"
192.168.0.107 - - [26/May/2024:16:00:51 +0700] "GET /static/img/logo.png HTTP/1.1" 304 0 "http://192.168.0.100:10086/configuration/wg0" "Mozilla/5.0 (Windows NT 10.0; Win64; x64) AppleWebKit/537.36 (KHTML, like Gecko) Chrome/122.0.0.0 YaBrowser/24.4.0.0 Safari/537.36"
192.168.0.100 - - [26/May/2024:16:00:51 +0700] "GET /get_config/wg0?search= HTTP/1.1" 200 884 "http://192.168.0.100:10086/configuration/wg0" "Mozilla/5.0 (X11; Ubuntu; Linux x86_64; rv:123.0) Gecko/20100101 Firefox/123.0"
192.168.0.107 - - [26/May/2024:16:01:01 +0700] "GET /get_config/wg0?search= HTTP/1.1" 200 884 "http://192.168.0.100:10086/configuration/wg0" "Mozilla/5.0 (Windows NT 10.0; Win64; x64) AppleWebKit/537.36 (KHTML, like Gecko) Chrome/122.0.0.0 YaBrowser/24.4.0.0 Safari/537.36"
192.168.0.100 - - [26/May/2024:16:01:01 +0700] "GET /get_config/wg0?search= HTTP/1.1" 200 884 "http://192.168.0.100:10086/configuration/wg0" "Mozilla/5.0 (X11; Ubuntu; Linux x86_64; rv:123.0) Gecko/20100101 Firefox/123.0"
192.168.0.107 - - [26/May/2024:16:01:11 +0700] "GET /get_config/wg0?search= HTTP/1.1" 200 883 "http://192.168.0.100:10086/configuration/wg0" "Mozilla/5.0 (Windows NT 10.0; Win64; x64) AppleWebKit/537.36 (KHTML, like Gecko) Chrome/122.0.0.0 YaBrowser/24.4.0.0 Safari/537.36"
192.168.0.100 - - [26/May/2024:16:01:11 +0700] "GET /get_config/wg0?search= HTTP/1.1" 200 883 "http://192.168.0.100:10086/configuration/wg0" "Mozilla/5.0 (X11; Ubuntu; Linux x86_64; rv:123.0) Gecko/20100101 Firefox/123.0"
192.168.0.107 - - [26/May/2024:16:01:21 +0700] "GET /get_config/wg0?search= HTTP/1.1" 200 883 "http://192.168.0.100:10086/configuration/wg0" "Mozilla/5.0 (Windows NT 10.0; Win64; x64) AppleWebKit/537.36 (KHTML, like Gecko) Chrome/122.0.0.0 YaBrowser/24.4.0.0 Safari/537.36"
192.168.0.100 - - [26/May/2024:16:01:21 +0700] "GET /get_config/wg0?search= HTTP/1.1" 200 883 "http://192.168.0.100:10086/configuration/wg0" "Mozilla/5.0 (X11; Ubuntu; Linux x86_64; rv:123.0) Gecko/20100101 Firefox/123.0"
192.168.0.107 - - [26/May/2024:16:01:31 +0700] "GET /get_config/wg0?search= HTTP/1.1" 200 883 "http://192.168.0.100:10086/configuration/wg0" "Mozilla/5.0 (Windows NT 10.0; Win64; x64) AppleWebKit/537.36 (KHTML, like Gecko) Chrome/122.0.0.0 YaBrowser/24.4.0.0 Safari/537.36"
192.168.0.100 - - [26/May/2024:16:01:31 +0700] "GET /get_config/wg0?search= HTTP/1.1" 200 883 "http://192.168.0.100:10086/configuration/wg0" "Mozilla/5.0 (X11; Ubuntu; Linux x86_64; rv:123.0) Gecko/20100101 Firefox/123.0"
192.168.0.107 - - [26/May/2024:16:01:41 +0700] "GET /get_config/wg0?search= HTTP/1.1" 200 883 "http://192.168.0.100:10086/configuration/wg0" "Mozilla/5.0 (Windows NT 10.0; Win64; x64) AppleWebKit/537.36 (KHTML, like Gecko) Chrome/122.0.0.0 YaBrowser/24.4.0.0 Safari/537.36"
192.168.0.100 - - [26/May/2024:16:01:41 +0700] "GET /get_config/wg0?search= HTTP/1.1" 200 883 "http://192.168.0.100:10086/configuration/wg0" "Mozilla/5.0 (X11; Ubuntu; Linux x86_64; rv:123.0) Gecko/20100101 Firefox/123.0"
192.168.0.100 - - [26/May/2024:16:01:51 +0700] "GET /get_config/wg0?search= HTTP/1.1" 200 883 "http://192.168.0.100:10086/configuration/wg0" "Mozilla/5.0 (X11; Ubuntu; Linux x86_64; rv:123.0) Gecko/20100101 Firefox/123.0"
192.168.0.107 - - [26/May/2024:16:01:52 +0700] "GET /get_config/wg0?search= HTTP/1.1" 200 883 "http://192.168.0.100:10086/configuration/wg0" "Mozilla/5.0 (Windows NT 10.0; Win64; x64) AppleWebKit/537.36 (KHTML, like Gecko) Chrome/122.0.0.0 YaBrowser/24.4.0.0 Safari/537.36"
192.168.0.100 - - [26/May/2024:16:02:01 +0700] "GET /get_config/wg0?search= HTTP/1.1" 200 883 "http://192.168.0.100:10086/configuration/wg0" "Mozilla/5.0 (X11; Ubuntu; Linux x86_64; rv:123.0) Gecko/20100101 Firefox/123.0"
192.168.0.107 - - [26/May/2024:16:02:02 +0700] "GET /get_config/wg0?search= HTTP/1.1" 200 883 "http://192.168.0.100:10086/configuration/wg0" "Mozilla/5.0 (Windows NT 10.0; Win64; x64) AppleWebKit/537.36 (KHTML, like Gecko) Chrome/122.0.0.0 YaBrowser/24.4.0.0 Safari/537.36"
192.168.0.100 - - [26/May/2024:16:02:11 +0700] "GET /get_config/wg0?search= HTTP/1.1" 200 883 "http://192.168.0.100:10086/configuration/wg0" "Mozilla/5.0 (X11; Ubuntu; Linux x86_64; rv:123.0) Gecko/20100101 Firefox/123.0"
192.168.0.107 - - [26/May/2024:16:02:12 +0700] "GET /get_config/wg0?search= HTTP/1.1" 200 883 "http://192.168.0.100:10086/configuration/wg0" "Mozilla/5.0 (Windows NT 10.0; Win64; x64) AppleWebKit/537.36 (KHTML, like Gecko) Chrome/122.0.0.0 YaBrowser/24.4.0.0 Safari/537.36"
192.168.0.100 - - [26/May/2024:16:02:21 +0700] "GET /get_config/wg0?search= HTTP/1.1" 200 883 "http://192.168.0.100:10086/configuration/wg0" "Mozilla/5.0 (X11; Ubuntu; Linux x86_64; rv:123.0) Gecko/20100101 Firefox/123.0"
192.168.0.107 - - [26/May/2024:16:02:22 +0700] "GET /get_config/wg0?search= HTTP/1.1" 200 883 "http://192.168.0.100:10086/configuration/wg0" "Mozilla/5.0 (Windows NT 10.0; Win64; x64) AppleWebKit/537.36 (KHTML, like Gecko) Chrome/122.0.0.0 YaBrowser/24.4.0.0 Safari/537.36"
192.168.0.100 - - [26/May/2024:16:02:31 +0700] "GET /get_config/wg0?search= HTTP/1.1" 200 883 "http://192.168.0.100:10086/configuration/wg0" "Mozilla/5.0 (X11; Ubuntu; Linux x86_64; rv:123.0) Gecko/20100101 Firefox/123.0"
192.168.0.107 - - [26/May/2024:16:02:32 +0700] "GET /get_config/wg0?search= HTTP/1.1" 200 883 "http://192.168.0.100:10086/configuration/wg0" "Mozilla/5.0 (Windows NT 10.0; Win64; x64) AppleWebKit/537.36 (KHTML, like Gecko) Chrome/122.0.0.0 YaBrowser/24.4.0.0 Safari/537.36"
192.168.0.100 - - [26/May/2024:16:02:41 +0700] "GET /get_config/wg0?search= HTTP/1.1" 200 883 "http://192.168.0.100:10086/configuration/wg0" "Mozilla/5.0 (X11; Ubuntu; Linux x86_64; rv:123.0) Gecko/20100101 Firefox/123.0"
192.168.0.107 - - [26/May/2024:16:02:42 +0700] "GET /get_config/wg0?search= HTTP/1.1" 200 883 "http://192.168.0.100:10086/configuration/wg0" "Mozilla/5.0 (Windows NT 10.0; Win64; x64) AppleWebKit/537.36 (KHTML, like Gecko) Chrome/122.0.0.0 YaBrowser/24.4.0.0 Safari/537.36"
192.168.0.100 - - [26/May/2024:16:02:51 +0700] "GET /get_config/wg0?search= HTTP/1.1" 200 883 "http://192.168.0.100:10086/configuration/wg0" "Mozilla/5.0 (X11; Ubuntu; Linux x86_64; rv:123.0) Gecko/20100101 Firefox/123.0"
192.168.0.107 - - [26/May/2024:16:02:52 +0700] "GET /get_config/wg0?search= HTTP/1.1" 200 883 "http://192.168.0.100:10086/configuration/wg0" "Mozilla/5.0 (Windows NT 10.0; Win64; x64) AppleWebKit/537.36 (KHTML, like Gecko) Chrome/122.0.0.0 YaBrowser/24.4.0.0 Safari/537.36"
192.168.0.100 - - [26/May/2024:16:03:01 +0700] "GET /get_config/wg0?search= HTTP/1.1" 200 883 "http://192.168.0.100:10086/configuration/wg0" "Mozilla/5.0 (X11; Ubuntu; Linux x86_64; rv:123.0) Gecko/20100101 Firefox/123.0"
192.168.0.107 - - [26/May/2024:16:03:02 +0700] "GET /get_config/wg0?search= HTTP/1.1" 200 883 "http://192.168.0.100:10086/configuration/wg0" "Mozilla/5.0 (Windows NT 10.0; Win64; x64) AppleWebKit/537.36 (KHTML, like Gecko) Chrome/122.0.0.0 YaBrowser/24.4.0.0 Safari/537.36"
192.168.0.100 - - [26/May/2024:16:03:11 +0700] "GET /get_config/wg0?search= HTTP/1.1" 200 883 "http://192.168.0.100:10086/configuration/wg0" "Mozilla/5.0 (X11; Ubuntu; Linux x86_64; rv:123.0) Gecko/20100101 Firefox/123.0"
192.168.0.107 - - [26/May/2024:16:03:20 +0700] "GET /get_config/wg0?search= HTTP/1.1" 200 883 "http://192.168.0.100:10086/configuration/wg0" "Mozilla/5.0 (Windows NT 10.0; Win64; x64) AppleWebKit/537.36 (KHTML, like Gecko) Chrome/122.0.0.0 YaBrowser/24.4.0.0 Safari/537.36"
192.168.0.100 - - [26/May/2024:16:03:21 +0700] "GET /get_config/wg0?search= HTTP/1.1" 200 883 "http://192.168.0.100:10086/configuration/wg0" "Mozilla/5.0 (X11; Ubuntu; Linux x86_64; rv:123.0) Gecko/20100101 Firefox/123.0"
192.168.0.100 - - [26/May/2024:16:03:31 +0700] "GET /get_config/wg0?search= HTTP/1.1" 200 883 "http://192.168.0.100:10086/configuration/wg0" "Mozilla/5.0 (X11; Ubuntu; Linux x86_64; rv:123.0) Gecko/20100101 Firefox/123.0"
192.168.0.100 - - [26/May/2024:16:03:41 +0700] "GET /get_config/wg0?search= HTTP/1.1" 200 883 "http://192.168.0.100:10086/configuration/wg0" "Mozilla/5.0 (X11; Ubuntu; Linux x86_64; rv:123.0) Gecko/20100101 Firefox/123.0"
192.168.0.100 - - [26/May/2024:16:03:51 +0700] "GET /get_config/wg0?search= HTTP/1.1" 200 883 "http://192.168.0.100:10086/configuration/wg0" "Mozilla/5.0 (X11; Ubuntu; Linux x86_64; rv:123.0) Gecko/20100101 Firefox/123.0"
192.168.0.100 - - [26/May/2024:16:04:01 +0700] "GET /get_config/wg0?search= HTTP/1.1" 200 883 "http://192.168.0.100:10086/configuration/wg0" "Mozilla/5.0 (X11; Ubuntu; Linux x86_64; rv:123.0) Gecko/20100101 Firefox/123.0"
192.168.0.100 - - [26/May/2024:16:04:11 +0700] "GET /get_config/wg0?search= HTTP/1.1" 200 883 "http://192.168.0.100:10086/configuration/wg0" "Mozilla/5.0 (X11; Ubuntu; Linux x86_64; rv:123.0) Gecko/20100101 Firefox/123.0"
192.168.0.107 - - [26/May/2024:16:04:20 +0700] "GET /get_config/wg0?search= HTTP/1.1" 200 883 "http://192.168.0.100:10086/configuration/wg0" "Mozilla/5.0 (Windows NT 10.0; Win64; x64) AppleWebKit/537.36 (KHTML, like Gecko) Chrome/122.0.0.0 YaBrowser/24.4.0.0 Safari/537.36"
192.168.0.100 - - [26/May/2024:16:04:21 +0700] "GET /get_config/wg0?search= HTTP/1.1" 200 883 "http://192.168.0.100:10086/configuration/wg0" "Mozilla/5.0 (X11; Ubuntu; Linux x86_64; rv:123.0) Gecko/20100101 Firefox/123.0"
192.168.0.100 - - [26/May/2024:16:04:31 +0700] "GET /get_config/wg0?search= HTTP/1.1" 200 883 "http://192.168.0.100:10086/configuration/wg0" "Mozilla/5.0 (X11; Ubuntu; Linux x86_64; rv:123.0) Gecko/20100101 Firefox/123.0"
192.168.0.100 - - [26/May/2024:16:04:41 +0700] "GET /get_config/wg0?search= HTTP/1.1" 200 883 "http://192.168.0.100:10086/configuration/wg0" "Mozilla/5.0 (X11; Ubuntu; Linux x86_64; rv:123.0) Gecko/20100101 Firefox/123.0"
192.168.0.100 - - [26/May/2024:16:04:51 +0700] "GET /get_config/wg0?search= HTTP/1.1" 200 883 "http://192.168.0.100:10086/configuration/wg0" "Mozilla/5.0 (X11; Ubuntu; Linux x86_64; rv:123.0) Gecko/20100101 Firefox/123.0"
192.168.0.100 - - [26/May/2024:16:05:01 +0700] "GET /get_config/wg0?search= HTTP/1.1" 200 883 "http://192.168.0.100:10086/configuration/wg0" "Mozilla/5.0 (X11; Ubuntu; Linux x86_64; rv:123.0) Gecko/20100101 Firefox/123.0"
192.168.0.100 - - [26/May/2024:16:05:11 +0700] "GET /get_config/wg0?search= HTTP/1.1" 200 883 "http://192.168.0.100:10086/configuration/wg0" "Mozilla/5.0 (X11; Ubuntu; Linux x86_64; rv:123.0) Gecko/20100101 Firefox/123.0"
192.168.0.107 - - [26/May/2024:16:05:20 +0700] "GET /get_config/wg0?search= HTTP/1.1" 200 883 "http://192.168.0.100:10086/configuration/wg0" "Mozilla/5.0 (Windows NT 10.0; Win64; x64) AppleWebKit/537.36 (KHTML, like Gecko) Chrome/122.0.0.0 YaBrowser/24.4.0.0 Safari/537.36"
192.168.0.100 - - [26/May/2024:16:05:21 +0700] "GET /get_config/wg0?search= HTTP/1.1" 200 883 "http://192.168.0.100:10086/configuration/wg0" "Mozilla/5.0 (X11; Ubuntu; Linux x86_64; rv:123.0) Gecko/20100101 Firefox/123.0"
192.168.0.100 - - [26/May/2024:16:05:31 +0700] "GET /get_config/wg0?search= HTTP/1.1" 200 883 "http://192.168.0.100:10086/configuration/wg0" "Mozilla/5.0 (X11; Ubuntu; Linux x86_64; rv:123.0) Gecko/20100101 Firefox/123.0"
192.168.0.100 - - [26/May/2024:16:05:41 +0700] "GET /get_config/wg0?search= HTTP/1.1" 200 883 "http://192.168.0.100:10086/configuration/wg0" "Mozilla/5.0 (X11; Ubuntu; Linux x86_64; rv:123.0) Gecko/20100101 Firefox/123.0"
192.168.0.100 - - [26/May/2024:16:05:51 +0700] "GET /get_config/wg0?search= HTTP/1.1" 200 883 "http://192.168.0.100:10086/configuration/wg0" "Mozilla/5.0 (X11; Ubuntu; Linux x86_64; rv:123.0) Gecko/20100101 Firefox/123.0"
192.168.0.100 - - [26/May/2024:16:06:01 +0700] "GET /get_config/wg0?search= HTTP/1.1" 200 883 "http://192.168.0.100:10086/configuration/wg0" "Mozilla/5.0 (X11; Ubuntu; Linux x86_64; rv:123.0) Gecko/20100101 Firefox/123.0"
192.168.0.100 - - [26/May/2024:16:06:11 +0700] "GET /get_config/wg0?search= HTTP/1.1" 200 883 "http://192.168.0.100:10086/configuration/wg0" "Mozilla/5.0 (X11; Ubuntu; Linux x86_64; rv:123.0) Gecko/20100101 Firefox/123.0"
192.168.0.107 - - [26/May/2024:16:06:20 +0700] "GET /get_config/wg0?search= HTTP/1.1" 200 883 "http://192.168.0.100:10086/configuration/wg0" "Mozilla/5.0 (Windows NT 10.0; Win64; x64) AppleWebKit/537.36 (KHTML, like Gecko) Chrome/122.0.0.0 YaBrowser/24.4.0.0 Safari/537.36"
192.168.0.100 - - [26/May/2024:16:06:21 +0700] "GET /get_config/wg0?search= HTTP/1.1" 200 883 "http://192.168.0.100:10086/configuration/wg0" "Mozilla/5.0 (X11; Ubuntu; Linux x86_64; rv:123.0) Gecko/20100101 Firefox/123.0"
192.168.0.100 - - [26/May/2024:16:06:31 +0700] "GET /get_config/wg0?search= HTTP/1.1" 200 883 "http://192.168.0.100:10086/configuration/wg0" "Mozilla/5.0 (X11; Ubuntu; Linux x86_64; rv:123.0) Gecko/20100101 Firefox/123.0"
192.168.0.100 - - [26/May/2024:16:06:41 +0700] "GET /get_config/wg0?search= HTTP/1.1" 200 883 "http://192.168.0.100:10086/configuration/wg0" "Mozilla/5.0 (X11; Ubuntu; Linux x86_64; rv:123.0) Gecko/20100101 Firefox/123.0"
192.168.0.100 - - [26/May/2024:16:06:51 +0700] "GET /get_config/wg0?search= HTTP/1.1" 200 883 "http://192.168.0.100:10086/configuration/wg0" "Mozilla/5.0 (X11; Ubuntu; Linux x86_64; rv:123.0) Gecko/20100101 Firefox/123.0"
192.168.0.100 - - [26/May/2024:16:07:01 +0700] "GET /get_config/wg0?search= HTTP/1.1" 200 883 "http://192.168.0.100:10086/configuration/wg0" "Mozilla/5.0 (X11; Ubuntu; Linux x86_64; rv:123.0) Gecko/20100101 Firefox/123.0"
192.168.0.100 - - [26/May/2024:16:07:11 +0700] "GET /get_config/wg0?search= HTTP/1.1" 200 883 "http://192.168.0.100:10086/configuration/wg0" "Mozilla/5.0 (X11; Ubuntu; Linux x86_64; rv:123.0) Gecko/20100101 Firefox/123.0"
192.168.0.107 - - [26/May/2024:16:07:20 +0700] "GET /get_config/wg0?search= HTTP/1.1" 200 883 "http://192.168.0.100:10086/configuration/wg0" "Mozilla/5.0 (Windows NT 10.0; Win64; x64) AppleWebKit/537.36 (KHTML, like Gecko) Chrome/122.0.0.0 YaBrowser/24.4.0.0 Safari/537.36"
192.168.0.100 - - [26/May/2024:16:07:21 +0700] "GET /get_config/wg0?search= HTTP/1.1" 200 883 "http://192.168.0.100:10086/configuration/wg0" "Mozilla/5.0 (X11; Ubuntu; Linux x86_64; rv:123.0) Gecko/20100101 Firefox/123.0"
192.168.0.100 - - [26/May/2024:16:07:31 +0700] "GET /get_config/wg0?search= HTTP/1.1" 200 883 "http://192.168.0.100:10086/configuration/wg0" "Mozilla/5.0 (X11; Ubuntu; Linux x86_64; rv:123.0) Gecko/20100101 Firefox/123.0"
192.168.0.100 - - [26/May/2024:16:07:41 +0700] "GET /get_config/wg0?search= HTTP/1.1" 200 883 "http://192.168.0.100:10086/configuration/wg0" "Mozilla/5.0 (X11; Ubuntu; Linux x86_64; rv:123.0) Gecko/20100101 Firefox/123.0"
192.168.0.100 - - [26/May/2024:16:07:51 +0700] "GET /get_config/wg0?search= HTTP/1.1" 200 883 "http://192.168.0.100:10086/configuration/wg0" "Mozilla/5.0 (X11; Ubuntu; Linux x86_64; rv:123.0) Gecko/20100101 Firefox/123.0"
192.168.0.100 - - [26/May/2024:16:08:01 +0700] "GET /get_config/wg0?search= HTTP/1.1" 200 883 "http://192.168.0.100:10086/configuration/wg0" "Mozilla/5.0 (X11; Ubuntu; Linux x86_64; rv:123.0) Gecko/20100101 Firefox/123.0"
192.168.0.100 - - [26/May/2024:16:08:11 +0700] "GET /get_config/wg0?search= HTTP/1.1" 200 883 "http://192.168.0.100:10086/configuration/wg0" "Mozilla/5.0 (X11; Ubuntu; Linux x86_64; rv:123.0) Gecko/20100101 Firefox/123.0"
192.168.0.107 - - [26/May/2024:16:08:20 +0700] "GET /get_config/wg0?search= HTTP/1.1" 200 883 "http://192.168.0.100:10086/configuration/wg0" "Mozilla/5.0 (Windows NT 10.0; Win64; x64) AppleWebKit/537.36 (KHTML, like Gecko) Chrome/122.0.0.0 YaBrowser/24.4.0.0 Safari/537.36"
192.168.0.100 - - [26/May/2024:16:08:21 +0700] "GET /get_config/wg0?search= HTTP/1.1" 200 883 "http://192.168.0.100:10086/configuration/wg0" "Mozilla/5.0 (X11; Ubuntu; Linux x86_64; rv:123.0) Gecko/20100101 Firefox/123.0"
192.168.0.100 - - [26/May/2024:16:08:31 +0700] "GET /get_config/wg0?search= HTTP/1.1" 200 883 "http://192.168.0.100:10086/configuration/wg0" "Mozilla/5.0 (X11; Ubuntu; Linux x86_64; rv:123.0) Gecko/20100101 Firefox/123.0"
192.168.0.100 - - [26/May/2024:16:08:42 +0700] "GET /get_config/wg0?search= HTTP/1.1" 200 883 "http://192.168.0.100:10086/configuration/wg0" "Mozilla/5.0 (X11; Ubuntu; Linux x86_64; rv:123.0) Gecko/20100101 Firefox/123.0"
192.168.0.100 - - [26/May/2024:16:08:52 +0700] "GET /get_config/wg0?search= HTTP/1.1" 200 883 "http://192.168.0.100:10086/configuration/wg0" "Mozilla/5.0 (X11; Ubuntu; Linux x86_64; rv:123.0) Gecko/20100101 Firefox/123.0"
192.168.0.100 - - [26/May/2024:16:09:02 +0700] "GET /get_config/wg0?search= HTTP/1.1" 200 883 "http://192.168.0.100:10086/configuration/wg0" "Mozilla/5.0 (X11; Ubuntu; Linux x86_64; rv:123.0) Gecko/20100101 Firefox/123.0"
192.168.0.100 - - [26/May/2024:16:09:12 +0700] "GET /get_config/wg0?search= HTTP/1.1" 200 883 "http://192.168.0.100:10086/configuration/wg0" "Mozilla/5.0 (X11; Ubuntu; Linux x86_64; rv:123.0) Gecko/20100101 Firefox/123.0"
192.168.0.107 - - [26/May/2024:16:09:20 +0700] "GET /get_config/wg0?search= HTTP/1.1" 200 883 "http://192.168.0.100:10086/configuration/wg0" "Mozilla/5.0 (Windows NT 10.0; Win64; x64) AppleWebKit/537.36 (KHTML, like Gecko) Chrome/122.0.0.0 YaBrowser/24.4.0.0 Safari/537.36"
192.168.0.100 - - [26/May/2024:16:09:22 +0700] "GET /get_config/wg0?search= HTTP/1.1" 200 883 "http://192.168.0.100:10086/configuration/wg0" "Mozilla/5.0 (X11; Ubuntu; Linux x86_64; rv:123.0) Gecko/20100101 Firefox/123.0"
192.168.0.100 - - [26/May/2024:16:09:32 +0700] "GET /get_config/wg0?search= HTTP/1.1" 200 883 "http://192.168.0.100:10086/configuration/wg0" "Mozilla/5.0 (X11; Ubuntu; Linux x86_64; rv:123.0) Gecko/20100101 Firefox/123.0"
192.168.0.100 - - [26/May/2024:16:09:42 +0700] "GET /get_config/wg0?search= HTTP/1.1" 200 883 "http://192.168.0.100:10086/configuration/wg0" "Mozilla/5.0 (X11; Ubuntu; Linux x86_64; rv:123.0) Gecko/20100101 Firefox/123.0"
192.168.0.100 - - [26/May/2024:16:09:52 +0700] "GET /get_config/wg0?search= HTTP/1.1" 200 883 "http://192.168.0.100:10086/configuration/wg0" "Mozilla/5.0 (X11; Ubuntu; Linux x86_64; rv:123.0) Gecko/20100101 Firefox/123.0"
192.168.0.100 - - [26/May/2024:16:10:02 +0700] "GET /get_config/wg0?search= HTTP/1.1" 200 883 "http://192.168.0.100:10086/configuration/wg0" "Mozilla/5.0 (X11; Ubuntu; Linux x86_64; rv:123.0) Gecko/20100101 Firefox/123.0"
192.168.0.100 - - [26/May/2024:16:10:12 +0700] "GET /get_config/wg0?search= HTTP/1.1" 200 883 "http://192.168.0.100:10086/configuration/wg0" "Mozilla/5.0 (X11; Ubuntu; Linux x86_64; rv:123.0) Gecko/20100101 Firefox/123.0"
192.168.0.107 - - [26/May/2024:16:10:20 +0700] "GET /get_config/wg0?search= HTTP/1.1" 200 883 "http://192.168.0.100:10086/configuration/wg0" "Mozilla/5.0 (Windows NT 10.0; Win64; x64) AppleWebKit/537.36 (KHTML, like Gecko) Chrome/122.0.0.0 YaBrowser/24.4.0.0 Safari/537.36"
192.168.0.100 - - [26/May/2024:16:10:22 +0700] "GET /get_config/wg0?search= HTTP/1.1" 200 883 "http://192.168.0.100:10086/configuration/wg0" "Mozilla/5.0 (X11; Ubuntu; Linux x86_64; rv:123.0) Gecko/20100101 Firefox/123.0"
192.168.0.100 - - [26/May/2024:16:10:32 +0700] "GET /get_config/wg0?search= HTTP/1.1" 200 883 "http://192.168.0.100:10086/configuration/wg0" "Mozilla/5.0 (X11; Ubuntu; Linux x86_64; rv:123.0) Gecko/20100101 Firefox/123.0"
192.168.0.100 - - [26/May/2024:16:10:42 +0700] "GET /get_config/wg0?search= HTTP/1.1" 200 883 "http://192.168.0.100:10086/configuration/wg0" "Mozilla/5.0 (X11; Ubuntu; Linux x86_64; rv:123.0) Gecko/20100101 Firefox/123.0"
192.168.0.100 - - [26/May/2024:16:10:52 +0700] "GET /get_config/wg0?search= HTTP/1.1" 200 883 "http://192.168.0.100:10086/configuration/wg0" "Mozilla/5.0 (X11; Ubuntu; Linux x86_64; rv:123.0) Gecko/20100101 Firefox/123.0"
192.168.0.100 - - [26/May/2024:16:11:02 +0700] "GET /get_config/wg0?search= HTTP/1.1" 200 883 "http://192.168.0.100:10086/configuration/wg0" "Mozilla/5.0 (X11; Ubuntu; Linux x86_64; rv:123.0) Gecko/20100101 Firefox/123.0"
192.168.0.100 - - [26/May/2024:16:11:12 +0700] "GET /get_config/wg0?search= HTTP/1.1" 200 883 "http://192.168.0.100:10086/configuration/wg0" "Mozilla/5.0 (X11; Ubuntu; Linux x86_64; rv:123.0) Gecko/20100101 Firefox/123.0"
192.168.0.107 - - [26/May/2024:16:11:20 +0700] "GET /get_config/wg0?search= HTTP/1.1" 200 883 "http://192.168.0.100:10086/configuration/wg0" "Mozilla/5.0 (Windows NT 10.0; Win64; x64) AppleWebKit/537.36 (KHTML, like Gecko) Chrome/122.0.0.0 YaBrowser/24.4.0.0 Safari/537.36"
192.168.0.100 - - [26/May/2024:16:11:22 +0700] "GET /get_config/wg0?search= HTTP/1.1" 200 883 "http://192.168.0.100:10086/configuration/wg0" "Mozilla/5.0 (X11; Ubuntu; Linux x86_64; rv:123.0) Gecko/20100101 Firefox/123.0"
192.168.0.100 - - [26/May/2024:16:11:32 +0700] "GET /get_config/wg0?search= HTTP/1.1" 200 883 "http://192.168.0.100:10086/configuration/wg0" "Mozilla/5.0 (X11; Ubuntu; Linux x86_64; rv:123.0) Gecko/20100101 Firefox/123.0"
192.168.0.100 - - [26/May/2024:16:11:42 +0700] "GET /get_config/wg0?search= HTTP/1.1" 200 883 "http://192.168.0.100:10086/configuration/wg0" "Mozilla/5.0 (X11; Ubuntu; Linux x86_64; rv:123.0) Gecko/20100101 Firefox/123.0"
192.168.0.100 - - [26/May/2024:16:11:52 +0700] "GET /get_config/wg0?search= HTTP/1.1" 200 883 "http://192.168.0.100:10086/configuration/wg0" "Mozilla/5.0 (X11; Ubuntu; Linux x86_64; rv:123.0) Gecko/20100101 Firefox/123.0"
192.168.0.100 - - [26/May/2024:16:12:02 +0700] "GET /get_config/wg0?search= HTTP/1.1" 200 883 "http://192.168.0.100:10086/configuration/wg0" "Mozilla/5.0 (X11; Ubuntu; Linux x86_64; rv:123.0) Gecko/20100101 Firefox/123.0"
192.168.0.100 - - [26/May/2024:16:12:12 +0700] "GET /get_config/wg0?search= HTTP/1.1" 200 883 "http://192.168.0.100:10086/configuration/wg0" "Mozilla/5.0 (X11; Ubuntu; Linux x86_64; rv:123.0) Gecko/20100101 Firefox/123.0"
192.168.0.107 - - [26/May/2024:16:12:20 +0700] "GET /get_config/wg0?search= HTTP/1.1" 200 883 "http://192.168.0.100:10086/configuration/wg0" "Mozilla/5.0 (Windows NT 10.0; Win64; x64) AppleWebKit/537.36 (KHTML, like Gecko) Chrome/122.0.0.0 YaBrowser/24.4.0.0 Safari/537.36"
192.168.0.100 - - [26/May/2024:16:12:22 +0700] "GET /get_config/wg0?search= HTTP/1.1" 200 883 "http://192.168.0.100:10086/configuration/wg0" "Mozilla/5.0 (X11; Ubuntu; Linux x86_64; rv:123.0) Gecko/20100101 Firefox/123.0"
192.168.0.100 - - [26/May/2024:16:12:32 +0700] "GET /get_config/wg0?search= HTTP/1.1" 200 883 "http://192.168.0.100:10086/configuration/wg0" "Mozilla/5.0 (X11; Ubuntu; Linux x86_64; rv:123.0) Gecko/20100101 Firefox/123.0"
192.168.0.100 - - [26/May/2024:16:12:42 +0700] "GET /get_config/wg0?search= HTTP/1.1" 200 883 "http://192.168.0.100:10086/configuration/wg0" "Mozilla/5.0 (X11; Ubuntu; Linux x86_64; rv:123.0) Gecko/20100101 Firefox/123.0"
192.168.0.100 - - [26/May/2024:16:12:52 +0700] "GET /get_config/wg0?search= HTTP/1.1" 200 883 "http://192.168.0.100:10086/configuration/wg0" "Mozilla/5.0 (X11; Ubuntu; Linux x86_64; rv:123.0) Gecko/20100101 Firefox/123.0"
192.168.0.100 - - [26/May/2024:16:13:02 +0700] "GET /get_config/wg0?search= HTTP/1.1" 200 883 "http://192.168.0.100:10086/configuration/wg0" "Mozilla/5.0 (X11; Ubuntu; Linux x86_64; rv:123.0) Gecko/20100101 Firefox/123.0"
192.168.0.100 - - [26/May/2024:16:13:12 +0700] "GET /get_config/wg0?search= HTTP/1.1" 200 883 "http://192.168.0.100:10086/configuration/wg0" "Mozilla/5.0 (X11; Ubuntu; Linux x86_64; rv:123.0) Gecko/20100101 Firefox/123.0"
192.168.0.107 - - [26/May/2024:16:13:20 +0700] "GET /get_config/wg0?search= HTTP/1.1" 200 883 "http://192.168.0.100:10086/configuration/wg0" "Mozilla/5.0 (Windows NT 10.0; Win64; x64) AppleWebKit/537.36 (KHTML, like Gecko) Chrome/122.0.0.0 YaBrowser/24.4.0.0 Safari/537.36"
192.168.0.100 - - [26/May/2024:16:13:22 +0700] "GET /get_config/wg0?search= HTTP/1.1" 200 883 "http://192.168.0.100:10086/configuration/wg0" "Mozilla/5.0 (X11; Ubuntu; Linux x86_64; rv:123.0) Gecko/20100101 Firefox/123.0"
192.168.0.100 - - [26/May/2024:16:13:32 +0700] "GET /get_config/wg0?search= HTTP/1.1" 200 883 "http://192.168.0.100:10086/configuration/wg0" "Mozilla/5.0 (X11; Ubuntu; Linux x86_64; rv:123.0) Gecko/20100101 Firefox/123.0"
192.168.0.100 - - [26/May/2024:16:13:42 +0700] "GET /get_config/wg0?search= HTTP/1.1" 200 883 "http://192.168.0.100:10086/configuration/wg0" "Mozilla/5.0 (X11; Ubuntu; Linux x86_64; rv:123.0) Gecko/20100101 Firefox/123.0"
192.168.0.100 - - [26/May/2024:16:13:52 +0700] "GET /get_config/wg0?search= HTTP/1.1" 200 883 "http://192.168.0.100:10086/configuration/wg0" "Mozilla/5.0 (X11; Ubuntu; Linux x86_64; rv:123.0) Gecko/20100101 Firefox/123.0"
192.168.0.100 - - [26/May/2024:16:14:02 +0700] "GET /get_config/wg0?search= HTTP/1.1" 200 883 "http://192.168.0.100:10086/configuration/wg0" "Mozilla/5.0 (X11; Ubuntu; Linux x86_64; rv:123.0) Gecko/20100101 Firefox/123.0"
192.168.0.100 - - [26/May/2024:16:14:12 +0700] "GET /get_config/wg0?search= HTTP/1.1" 200 883 "http://192.168.0.100:10086/configuration/wg0" "Mozilla/5.0 (X11; Ubuntu; Linux x86_64; rv:123.0) Gecko/20100101 Firefox/123.0"
192.168.0.107 - - [26/May/2024:16:14:20 +0700] "GET /get_config/wg0?search= HTTP/1.1" 200 883 "http://192.168.0.100:10086/configuration/wg0" "Mozilla/5.0 (Windows NT 10.0; Win64; x64) AppleWebKit/537.36 (KHTML, like Gecko) Chrome/122.0.0.0 YaBrowser/24.4.0.0 Safari/537.36"
192.168.0.100 - - [26/May/2024:16:14:22 +0700] "GET /get_config/wg0?search= HTTP/1.1" 200 883 "http://192.168.0.100:10086/configuration/wg0" "Mozilla/5.0 (X11; Ubuntu; Linux x86_64; rv:123.0) Gecko/20100101 Firefox/123.0"
192.168.0.100 - - [26/May/2024:16:14:32 +0700] "GET /get_config/wg0?search= HTTP/1.1" 200 883 "http://192.168.0.100:10086/configuration/wg0" "Mozilla/5.0 (X11; Ubuntu; Linux x86_64; rv:123.0) Gecko/20100101 Firefox/123.0"
192.168.0.100 - - [26/May/2024:16:14:42 +0700] "GET /get_config/wg0?search= HTTP/1.1" 200 883 "http://192.168.0.100:10086/configuration/wg0" "Mozilla/5.0 (X11; Ubuntu; Linux x86_64; rv:123.0) Gecko/20100101 Firefox/123.0"
192.168.0.100 - - [26/May/2024:16:14:52 +0700] "GET /get_config/wg0?search= HTTP/1.1" 200 883 "http://192.168.0.100:10086/configuration/wg0" "Mozilla/5.0 (X11; Ubuntu; Linux x86_64; rv:123.0) Gecko/20100101 Firefox/123.0"
192.168.0.100 - - [26/May/2024:16:15:02 +0700] "GET /get_config/wg0?search= HTTP/1.1" 200 883 "http://192.168.0.100:10086/configuration/wg0" "Mozilla/5.0 (X11; Ubuntu; Linux x86_64; rv:123.0) Gecko/20100101 Firefox/123.0"
192.168.0.100 - - [26/May/2024:16:15:12 +0700] "GET /get_config/wg0?search= HTTP/1.1" 200 883 "http://192.168.0.100:10086/configuration/wg0" "Mozilla/5.0 (X11; Ubuntu; Linux x86_64; rv:123.0) Gecko/20100101 Firefox/123.0"
192.168.0.107 - - [26/May/2024:16:15:20 +0700] "GET /get_config/wg0?search= HTTP/1.1" 200 883 "http://192.168.0.100:10086/configuration/wg0" "Mozilla/5.0 (Windows NT 10.0; Win64; x64) AppleWebKit/537.36 (KHTML, like Gecko) Chrome/122.0.0.0 YaBrowser/24.4.0.0 Safari/537.36"
192.168.0.100 - - [26/May/2024:16:15:22 +0700] "GET /get_config/wg0?search= HTTP/1.1" 200 883 "http://192.168.0.100:10086/configuration/wg0" "Mozilla/5.0 (X11; Ubuntu; Linux x86_64; rv:123.0) Gecko/20100101 Firefox/123.0"
192.168.0.100 - - [26/May/2024:16:15:32 +0700] "GET /get_config/wg0?search= HTTP/1.1" 200 883 "http://192.168.0.100:10086/configuration/wg0" "Mozilla/5.0 (X11; Ubuntu; Linux x86_64; rv:123.0) Gecko/20100101 Firefox/123.0"
192.168.0.100 - - [26/May/2024:16:15:42 +0700] "GET /get_config/wg0?search= HTTP/1.1" 200 883 "http://192.168.0.100:10086/configuration/wg0" "Mozilla/5.0 (X11; Ubuntu; Linux x86_64; rv:123.0) Gecko/20100101 Firefox/123.0"
